../Core/Src/main.c:106:6:HAL_TIM_PeriodElapsedCallback	16	static
../Core/Src/main.c:120:6:HAL_GPIO_EXTI_Callback	16	static
../Core/Src/main.c:131:6:invert_matrix	24	static
../Core/Src/main.c:146:6:multiply_matrix_vector	24	static
../Core/Src/main.c:152:6:Position_Calc	80	static
../Core/Src/main.c:179:5:main	8	static
../Core/Src/main.c:247:6:SystemClock_Config	88	static
../Core/Src/main.c:294:13:MX_TIM2_Init	32	static
../Core/Src/main.c:339:13:MX_TIM3_Init	56	static
../Core/Src/main.c:388:13:MX_TIM4_Init	64	static
../Core/Src/main.c:447:13:MX_USART2_UART_Init	8	static
../Core/Src/main.c:480:13:MX_GPIO_Init	48	static
../Core/Src/main.c:539:6:Error_Handler	4	static,ignoring_inline_asm
